2026-07-29 14:12:49.825 [INFO ] - ==================================================
2026-07-29 14:12:49.826 [INFO ] - Stage 1/5: Parsing heat equation parameters...
2026-07-29 14:12:49.922 [INFO ] - - Diffusion coefficient a = 1
2026-07-29 14:12:49.922 [INFO ] - - Computation domain length L = 1
2026-07-29 14:12:49.922 [INFO ] - - Final time T = 0.0004999999999999999
2026-07-29 14:12:49.922 [INFO ] - - Time step dt = 0.0004999999999999999
2026-07-29 14:12:49.922 [INFO ] - - Spatial qubits nx = 5
2026-07-29 14:12:49.922 [INFO ] - - Ancilla qubits na = 5
2026-07-29 14:12:49.922 [INFO ] - - Boundary condition: dirichlet
2026-07-29 14:12:49.922 [INFO ] - Stage 1/5: Parameter parsing complete ✓
2026-07-29 14:12:49.922 [INFO ] - ==================================================
2026-07-29 14:12:49.922 [INFO ] - Stage 2/5: Building quantum circuit...
2026-07-29 14:12:49.923 [INFO ] - Stage 2/5: Quantum circuit complete ✓
2026-07-29 14:12:49.923 [INFO ] - ==================================================
2026-07-29 14:12:49.923 [INFO ] - Stage 3/5: Starting quantum circuit execution...
2026-07-29 14:12:49.923 [INFO ] - - Total time steps: 1
2026-07-29 14:12:51.972 [INFO ] - - Actual computation time: 2.0485 seconds
2026-07-29 14:12:51.972 [INFO ] - Stage 3/5: Quantum circuit execution complete ✓
2026-07-29 14:12:51.972 [INFO ] - ==================================================
2026-07-29 14:12:51.972 [INFO ] - Stage 4/5: Generating solution visualization...
2026-07-29 14:12:52.257 [DEBUG] - Solution plot saved to: /workspace/thermal-pde-audit/results/benchmarks/lower_diffusivity/unitarylab_gpu/1D_Heat_Lie-Trotter_nx=5_na=5_T=0.0004999999999999999_dt=0.0004999999999999999_solution.svg
2026-07-29 14:12:52.257 [INFO ] - Stage 4/5: Solution visualization complete ✓
2026-07-29 14:12:52.257 [INFO ] - ==================================================
2026-07-29 14:12:52.257 [INFO ] - Stage 5/5: Generating quantum circuit diagrams...
2026-07-29 14:12:52.548 [DEBUG] - Quantum circuit diagrams saved to: /workspace/thermal-pde-audit/results/benchmarks/lower_diffusivity/unitarylab_gpu
2026-07-29 14:12:52.549 [INFO ] - Generated 2 quantum circuit diagrams
2026-07-29 14:12:52.549 [INFO ] - Stage 5/5: Quantum circuit diagrams complete ✓
2026-07-29 14:12:52.549 [INFO ] - ==================================================
2026-07-29 14:12:52.549 [INFO ] - All stages complete, computation successful！
2026-07-29 14:12:52.549 [INFO ] - ==================================================
